COMMAND:
c:\Users\Lenovo\AppData\Local\Programs\Python\Python311\python.exe D:\flight delay\stpn paper\STPN-main\stacked_gru_transformer_three_stage.py --resume_checkpoint D:\flight delay\stpn paper\STPN-main\checkpoints\stacked_gru_three_stage_20260324_003536\checkpoint_stage1_epoch6.pt --start_stage 2 --regressor nbeats --output_dir D:\flight delay\stpn paper\STPN-main\sweeps\stage23_regressors_20260324_101107\regressor_nbeats


================================================================================
THREE-STAGE STACKED GRU + TRANSFORMER TRAINING
================================================================================
Device: cuda

Node-level balance: 23.33% delayed 

Node-level balance: 17.16% delayed 

Node-level balance: 24.22% delayed 
[DATA] train_samples=19197 | val_samples=2717 | test_samples=5464 | batch_size=128 | train_batches=149 | val_batches=22 | test_batches=43 | max_train_batches=0 | max_val_batches=0 | effective_train_steps/epoch=149
[DP] Enabled
  target epsilon=7.5000, delta=1.0e-05
  sample_rate=0.006668, total_steps=8940
  noise_multiplier(sigma)=0.507862
  approx epsilon upper bound=7.4977
[PERF] AMP=on | cache_stage23_features=off | compile=off | fused_adamw=off
[MODEL] classifier=TSiTPlus | regressor=nbeats
[RESUME] Loaded partial checkpoint state: stage=1, epoch=6, matched_tensors=163, skipped_tensors=20
[RESUME] Reinitialized optimizer because checkpoint architecture does not fully match current model.
[RESUME] Checkpoint metadata: stage=1, epoch=6
[RESUME] Forcing start at stage=2 (skipping stages < 2).
[CHECKPOINT] Saving to: D:\flight delay\stpn paper\STPN-main\checkpoints\stacked_gru_three_stage_20260324_003536
[RESUME] Stage 1 already complete; skipping.

================================================================================
STAGE 2: DELAYED REGRESSOR
================================================================================
Epoch 1/20 | train_loss=0.1461 | val_loss=0.1671 | mask=23.3% (val 16.9%) | sec=104.6
Epoch 2/20 | train_loss=0.1373 | val_loss=0.1647 | mask=23.3% (val 16.9%) | sec=101.9
Epoch 3/20 | train_loss=0.1362 | val_loss=0.1651 | mask=23.3% (val 16.9%) | sec=104.3
Epoch 4/20 | train_loss=0.1357 | val_loss=0.1634 | mask=23.3% (val 16.9%) | sec=104.8
Epoch 5/20 | train_loss=0.1354 | val_loss=0.1639 | mask=23.3% (val 16.9%) | sec=104.5
Epoch 6/20 | train_loss=0.1354 | val_loss=0.1625 | mask=23.3% (val 16.9%) | sec=102.8
Epoch 7/20 | train_loss=0.1355 | val_loss=0.1647 | mask=23.3% (val 16.9%) | sec=102.9
Epoch 8/20 | train_loss=0.1354 | val_loss=0.1631 | mask=23.3% (val 16.9%) | sec=104.7
Epoch 9/20 | train_loss=0.1356 | val_loss=0.1627 | mask=23.3% (val 16.9%) | sec=102.6
Epoch 10/20 | train_loss=0.1352 | val_loss=0.1630 | mask=23.3% (val 16.9%) | sec=104.9
Epoch 11/20 | train_loss=0.1358 | val_loss=0.1630 | mask=23.3% (val 16.9%) | sec=104.4
Epoch 12/20 | train_loss=0.1355 | val_loss=0.1637 | mask=23.3% (val 16.9%) | sec=102.2
Traceback (most recent call last):
  File "D:\flight delay\stpn paper\STPN-main\stacked_gru_transformer_three_stage.py", line 2366, in <module>
    main()
  File "D:\flight delay\stpn paper\STPN-main\stacked_gru_transformer_three_stage.py", line 2253, in main
    h2, t2 = train_stage2(
             ^^^^^^^^^^^^^
  File "D:\flight delay\stpn paper\STPN-main\stacked_gru_transformer_three_stage.py", line 1277, in train_stage2
    if early_stopping(va_loss, epoch):
       ^^^^^^^^^^^^^^^^^^^^^^^^^^^^^^
  File "D:\flight delay\stpn paper\STPN-main\classifykat.py", line 83, in __call__
    print(f"\n\u23f9\ufe0f  Early stopping triggered! No improvement for {self.patience} epochs.")
  File "c:\Users\Lenovo\AppData\Local\Programs\Python\Python311\Lib\encodings\cp1252.py", line 19, in encode
    return codecs.charmap_encode(input,self.errors,encoding_table)[0]
           ^^^^^^^^^^^^^^^^^^^^^^^^^^^^^^^^^^^^^^^^^^^^^^^^^^^^^^^
UnicodeEncodeError: 'charmap' codec can't encode characters in position 2-3: character maps to <undefined>
